[0.012s] Invoking command in '/home/eason-pan/Documents/Gits/5335-final-project/turtlebot4_ws/build/turtlebot4_ignition_gui_plugins': CMAKE_PREFIX_PATH=/opt/ros/humble CONDA_PROMPT_MODIFIER=(base) /usr/bin/cmake /home/eason-pan/Documents/Gits/5335-final-project/turtlebot4_ws/src/turtlebot4_simulator/turtlebot4_ignition_gui_plugins -DAMENT_CMAKE_SYMLINK_INSTALL=1 -DCMAKE_INSTALL_PREFIX=/home/eason-pan/Documents/Gits/5335-final-project/turtlebot4_ws/install/turtlebot4_ignition_gui_plugins
[0.145s] -- The C compiler identification is GNU 11.4.0
[0.228s] -- The CXX compiler identification is GNU 11.4.0
[0.235s] -- Detecting C compiler ABI info
[0.302s] -- Detecting C compiler ABI info - done
[0.307s] -- Check for working C compiler: /usr/bin/cc - skipped
[0.307s] -- Detecting C compile features
[0.308s] -- Detecting C compile features - done
[0.310s] -- Detecting CXX compiler ABI info
[0.363s] -- Detecting CXX compiler ABI info - done
[0.367s] -- Check for working CXX compiler: /usr/bin/c++ - skipped
[0.368s] -- Detecting CXX compile features
[0.368s] -- Detecting CXX compile features - done
[0.369s] -- Found ament_cmake: 1.3.11 (/opt/ros/humble/share/ament_cmake/cmake)
[0.625s] -- Found Python3: /home/eason-pan/miniconda3/bin/python3 (found version "3.12.9") found components: Interpreter 
[0.676s] -- Override CMake install command with custom implementation using symlinks instead of copying resources
[0.701s] -- Found ament_lint_auto: 0.12.11 (/opt/ros/humble/share/ament_lint_auto/cmake)
[0.811s] -- Looking for ignition-gui6 -- found version 6.8.0
[0.819s] -- Searching for dependencies of ignition-gui6
[0.958s] -- Found Protobuf: /usr/lib/x86_64-linux-gnu/libprotobuf.so (found suitable version "3.12.4", minimum required is "3") 
[0.963s] -- Checking for module 'tinyxml2'
[0.978s] --   Found tinyxml2, version 9.0.0
[1.012s] -- Looking for ignition-math6 -- found version 6.15.1
[1.012s] -- Searching for dependencies of ignition-math6
[1.016s] -- Looking for ignition-common4 -- found version 4.7.0
[1.016s] -- Searching for dependencies of ignition-common4
[1.016s] -- Looking for dlfcn.h - found
[1.017s] -- Looking for libdl - found
[1.018s] -- Found DL: TRUE  
[1.023s] -- Checking for module 'uuid'
[1.032s] --   Found uuid, version 2.37.2
[1.060s] -- Found UUID: TRUE  
[1.060s] -- Searching for <ignition-common4> component [profiler]
[1.063s] -- Looking for ignition-common4-profiler -- found version 4.7.0
[1.064s] -- Searching for dependencies of ignition-common4-profiler
[1.067s] -- Looking for ignition-plugin1 -- found version 1.4.0
[1.067s] -- Searching for dependencies of ignition-plugin1
[1.067s] -- Searching for <ignition-plugin1> component [loader]
[1.069s] -- Looking for ignition-plugin1-loader -- found version 1.4.0
[1.070s] -- Searching for dependencies of ignition-plugin1-loader
[1.071s] -- Searching for <ignition-plugin1> component [register]
[1.073s] -- Looking for ignition-plugin1-register -- found version 1.4.0
[1.074s] -- Searching for dependencies of ignition-plugin1-register
[1.076s] -- Looking for ignition-transport11 -- found version 11.4.1
[1.076s] -- Searching for dependencies of ignition-transport11
[1.087s] -- Found Protobuf: /usr/lib/x86_64-linux-gnu/libprotobuf.so (found version "3.12.4") 
[1.093s] -- Config-file not installed for ZeroMQ -- checking for pkg-config
[1.096s] -- Checking for module 'libzmq >= 4'
[1.107s] --   Found libzmq , version 4.3.4
[1.138s] -- Found ZeroMQ: TRUE (Required is at least version "4") 
[1.152s] -- Looking for ignition-utils1 -- found version 1.5.1
[1.152s] -- Searching for dependencies of ignition-utils1
[1.152s] -- Searching for <ignition-utils1> component [cli]
[1.154s] -- Looking for ignition-utils1-cli -- found version 1.5.1
[1.154s] -- Searching for dependencies of ignition-utils1-cli
[1.157s] -- Looking for ignition-msgs8 -- found version 8.7.0
[1.157s] -- Searching for dependencies of ignition-msgs8
[1.167s] -- Found Protobuf: /usr/lib/x86_64-linux-gnu/libprotobuf.so (found suitable version "3.12.4", minimum required is "3") 
[1.168s] -- Looking for ignition-math6 -- found version 6.15.1
[1.177s] -- Looking for ignition-rendering6 -- found version 6.6.3
[1.178s] -- Searching for dependencies of ignition-rendering6
[1.178s] -- Looking for ignition-math6 -- found version 6.15.1
[1.178s] -- Searching for dependencies of ignition-math6
[1.178s] -- Searching for <ignition-math6> component [eigen3]
[1.180s] -- Looking for ignition-math6-eigen3 -- found version 6.15.1
[1.180s] -- Searching for dependencies of ignition-math6-eigen3
[1.185s] -- Looking for ignition-common4 -- found version 4.7.0
[1.186s] -- Searching for dependencies of ignition-common4
[1.186s] -- Looking for dlfcn.h - found
[1.186s] -- Looking for libdl - found
[1.192s] -- Searching for <ignition-common4> component [graphics]
[1.194s] -- Looking for ignition-common4-graphics -- found version 4.7.0
[1.194s] -- Searching for dependencies of ignition-common4-graphics
[1.195s] -- Looking for ignition-math6 -- found version 6.15.1
[1.195s] -- Looking for ignition-utils1 -- found version 1.5.1
[1.195s] -- Searching for <ignition-common4> component [events]
[1.197s] -- Looking for ignition-common4-events -- found version 4.7.0
[1.197s] -- Searching for dependencies of ignition-common4-events
[1.197s] -- Looking for ignition-math6 -- found version 6.15.1
[1.198s] -- Looking for ignition-plugin1 -- found version 1.4.0
[1.198s] -- Searching for dependencies of ignition-plugin1
[1.199s] -- Searching for <ignition-plugin1> component [all]
[1.200s] -- Looking for all libraries of ignition-plugin1 -- found version 1.4.0
[1.200s] -- Looking for ignition-plugin1 -- found version 1.4.0
[1.202s] -- Looking for ignition-msgs8 -- found version 8.7.0
[1.205s] -- Looking for ignition-common4 -- found version 4.7.0
[1.210s] -- Added test 'cppcheck' to perform static code analysis on C / C++ code
[1.210s] -- Configured cppcheck include dirs: 
[1.210s] -- Configured cppcheck exclude dirs and/or files: 
[1.211s] -- Added test 'cpplint' to check C / C++ code against the Google style
[1.211s] -- Configured cpplint exclude dirs and/or files: 
[1.212s] -- Added test 'lint_cmake' to check CMake code style
[1.212s] -- Added test 'xmllint' to check XML markup files
[1.213s] -- Configuring done
[1.228s] -- Generating done
[1.229s] -- Build files have been written to: /home/eason-pan/Documents/Gits/5335-final-project/turtlebot4_ws/build/turtlebot4_ignition_gui_plugins
