[0.005s] Invoking command in '/home/eason-pan/Documents/Gits/5335-final-project/turtlebot4_ws/build/turtlebot4_ignition_bringup': AMENT_PREFIX_PATH=/home/eason-pan/Documents/Gits/5335-final-project/turtlebot4_ws/install/turtlebot4_ignition_toolbox:/home/eason-pan/Documents/Gits/5335-final-project/turtlebot4_ws/install/turtlebot4_ignition_gui_plugins:${AMENT_PREFIX_PATH} CMAKE_PREFIX_PATH=/home/eason-pan/Documents/Gits/5335-final-project/turtlebot4_ws/install/turtlebot4_ignition_toolbox:/home/eason-pan/Documents/Gits/5335-final-project/turtlebot4_ws/install/turtlebot4_ignition_gui_plugins:/opt/ros/humble CONDA_PROMPT_MODIFIER=(base) /usr/bin/cmake /home/eason-pan/Documents/Gits/5335-final-project/turtlebot4_ws/src/turtlebot4_simulator/turtlebot4_ignition_bringup -DAMENT_CMAKE_SYMLINK_INSTALL=1 -DCMAKE_INSTALL_PREFIX=/home/eason-pan/Documents/Gits/5335-final-project/turtlebot4_ws/install/turtlebot4_ignition_bringup
[0.048s] -- The C compiler identification is GNU 11.4.0
[0.082s] -- The CXX compiler identification is GNU 11.4.0
[0.087s] -- Detecting C compiler ABI info
[0.130s] -- Detecting C compiler ABI info - done
[0.134s] -- Check for working C compiler: /usr/bin/cc - skipped
[0.134s] -- Detecting C compile features
[0.135s] -- Detecting C compile features - done
[0.137s] -- Detecting CXX compiler ABI info
[0.191s] -- Detecting CXX compiler ABI info - done
[0.195s] -- Check for working CXX compiler: /usr/bin/c++ - skipped
[0.195s] -- Detecting CXX compile features
[0.196s] -- Detecting CXX compile features - done
[0.197s] -- Found ament_cmake: 1.3.11 (/opt/ros/humble/share/ament_cmake/cmake)
[0.406s] -- Found Python3: /home/eason-pan/miniconda3/bin/python3 (found version "3.12.9") found components: Interpreter 
[0.458s] -- Override CMake install command with custom implementation using symlinks instead of copying resources
[0.476s] -- Found ros_ign_interfaces: 0.244.16 (/opt/ros/humble/share/ros_ign_interfaces/cmake)
[0.497s] -- Found rosidl_generator_c: 3.1.6 (/opt/ros/humble/share/rosidl_generator_c/cmake)
[0.499s] -- Found rosidl_adapter: 3.1.6 (/opt/ros/humble/share/rosidl_adapter/cmake)
[0.504s] -- Found rosidl_generator_cpp: 3.1.6 (/opt/ros/humble/share/rosidl_generator_cpp/cmake)
[0.511s] -- Using all available rosidl_typesupport_c: rosidl_typesupport_fastrtps_c;rosidl_typesupport_introspection_c
[0.520s] -- Using all available rosidl_typesupport_cpp: rosidl_typesupport_fastrtps_cpp;rosidl_typesupport_introspection_cpp
[0.576s] -- Found ament_lint_auto: 0.12.11 (/opt/ros/humble/share/ament_lint_auto/cmake)
[0.638s] -- Added test 'copyright' to check source files copyright and LICENSE
[0.640s] -- Added test 'flake8' to check Python code syntax and style conventions
[0.640s] -- Added test 'lint_cmake' to check CMake code style
[0.641s] -- Added test 'pep257' to check Python code against some of the docstring style conventions in PEP 257
[0.642s] -- Added test 'xmllint' to check XML markup files
[0.642s] -- Configuring done
[0.644s] -- Generating done
[0.645s] -- Build files have been written to: /home/eason-pan/Documents/Gits/5335-final-project/turtlebot4_ws/build/turtlebot4_ignition_bringup
