[0.458s] Invoking command in '/home/eason-pan/Documents/Gits/5335-final-project/turtlebot4_ws/build/final_project_5335_jel': CONDA_PROMPT_MODIFIER=(base) PYTHONPATH=/home/eason-pan/Documents/Gits/5335-final-project/turtlebot4_ws/build/final_project_5335_jel/prefix_override:/usr/lib/python3/dist-packages/colcon_core/task/python/colcon_distutils_commands:/home/eason-pan/Documents/Gits/5335-final-project/turtlebot4_ws/install/final_project_5335_jel/lib/python3.10/site-packages:${PYTHONPATH} /usr/bin/python3 -W ignore:setup.py install is deprecated -W ignore:easy_install command is deprecated setup.py develop --editable --build-directory /home/eason-pan/Documents/Gits/5335-final-project/turtlebot4_ws/build/final_project_5335_jel/build --no-deps symlink_data
[0.618s] running develop
[0.743s] running egg_info
[0.743s] creating final_project_5335_jel.egg-info
[0.743s] writing final_project_5335_jel.egg-info/PKG-INFO
[0.743s] writing dependency_links to final_project_5335_jel.egg-info/dependency_links.txt
[0.743s] writing entry points to final_project_5335_jel.egg-info/entry_points.txt
[0.743s] writing requirements to final_project_5335_jel.egg-info/requires.txt
[0.743s] writing top-level names to final_project_5335_jel.egg-info/top_level.txt
[0.743s] writing manifest file 'final_project_5335_jel.egg-info/SOURCES.txt'
[0.744s] reading manifest file 'final_project_5335_jel.egg-info/SOURCES.txt'
[0.745s] writing manifest file 'final_project_5335_jel.egg-info/SOURCES.txt'
[0.746s] running build_ext
[0.746s] Creating /home/eason-pan/Documents/Gits/5335-final-project/turtlebot4_ws/install/final_project_5335_jel/lib/python3.10/site-packages/final-project-5335-jel.egg-link (link to .)
[0.746s] Installing final_project_first_node script to /home/eason-pan/Documents/Gits/5335-final-project/turtlebot4_ws/install/final_project_5335_jel/lib/5335-final-project-jel
[0.746s] 
[0.746s] Installed /home/eason-pan/Documents/Gits/5335-final-project/turtlebot4_ws/build/final_project_5335_jel
[0.746s] running symlink_data
[0.746s] creating /home/eason-pan/Documents/Gits/5335-final-project/turtlebot4_ws/install/final_project_5335_jel/share/ament_index
[0.746s] creating /home/eason-pan/Documents/Gits/5335-final-project/turtlebot4_ws/install/final_project_5335_jel/share/ament_index/resource_index
[0.747s] creating /home/eason-pan/Documents/Gits/5335-final-project/turtlebot4_ws/install/final_project_5335_jel/share/ament_index/resource_index/packages
[0.747s] error: can't copy '/home/eason-pan/Documents/Gits/5335-final-project/turtlebot4_ws/build/final_project_5335_jel/resource/final_project_5335_jel': doesn't exist or not a regular file
[0.763s] Invoked command in '/home/eason-pan/Documents/Gits/5335-final-project/turtlebot4_ws/build/final_project_5335_jel' returned '1': CONDA_PROMPT_MODIFIER=(base) PYTHONPATH=/home/eason-pan/Documents/Gits/5335-final-project/turtlebot4_ws/build/final_project_5335_jel/prefix_override:/usr/lib/python3/dist-packages/colcon_core/task/python/colcon_distutils_commands:/home/eason-pan/Documents/Gits/5335-final-project/turtlebot4_ws/install/final_project_5335_jel/lib/python3.10/site-packages:${PYTHONPATH} /usr/bin/python3 -W ignore:setup.py install is deprecated -W ignore:easy_install command is deprecated setup.py develop --editable --build-directory /home/eason-pan/Documents/Gits/5335-final-project/turtlebot4_ws/build/final_project_5335_jel/build --no-deps symlink_data
