[ 60%] Built target turtlebot4_ignition_toolbox_lib
[100%] Built target turtlebot4_ignition_hmi_node
-- Install configuration: ""
-- Execute custom install script
-- Symlinking: /home/eason-pan/Documents/Gits/5335-final-project/turtlebot4_ws/install/turtlebot4_ignition_toolbox/lib/turtlebot4_ignition_toolbox/turtlebot4_ignition_hmi_node
-- Symlinking: /home/eason-pan/Documents/Gits/5335-final-project/turtlebot4_ws/install/turtlebot4_ignition_toolbox/share/ament_index/resource_index/package_run_dependencies/turtlebot4_ignition_toolbox
-- Symlinking: /home/eason-pan/Documents/Gits/5335-final-project/turtlebot4_ws/install/turtlebot4_ignition_toolbox/share/ament_index/resource_index/parent_prefix_path/turtlebot4_ignition_toolbox
-- Symlinking: /home/eason-pan/Documents/Gits/5335-final-project/turtlebot4_ws/install/turtlebot4_ignition_toolbox/share/turtlebot4_ignition_toolbox/environment/ament_prefix_path.sh
-- Symlinking: /home/eason-pan/Documents/Gits/5335-final-project/turtlebot4_ws/install/turtlebot4_ignition_toolbox/share/turtlebot4_ignition_toolbox/environment/ament_prefix_path.dsv
-- Symlinking: /home/eason-pan/Documents/Gits/5335-final-project/turtlebot4_ws/install/turtlebot4_ignition_toolbox/share/turtlebot4_ignition_toolbox/environment/path.sh
-- Symlinking: /home/eason-pan/Documents/Gits/5335-final-project/turtlebot4_ws/install/turtlebot4_ignition_toolbox/share/turtlebot4_ignition_toolbox/environment/path.dsv
-- Symlinking: /home/eason-pan/Documents/Gits/5335-final-project/turtlebot4_ws/install/turtlebot4_ignition_toolbox/share/turtlebot4_ignition_toolbox/local_setup.bash
-- Symlinking: /home/eason-pan/Documents/Gits/5335-final-project/turtlebot4_ws/install/turtlebot4_ignition_toolbox/share/turtlebot4_ignition_toolbox/local_setup.sh
-- Symlinking: /home/eason-pan/Documents/Gits/5335-final-project/turtlebot4_ws/install/turtlebot4_ignition_toolbox/share/turtlebot4_ignition_toolbox/local_setup.zsh
-- Symlinking: /home/eason-pan/Documents/Gits/5335-final-project/turtlebot4_ws/install/turtlebot4_ignition_toolbox/share/turtlebot4_ignition_toolbox/local_setup.dsv
-- Symlinking: /home/eason-pan/Documents/Gits/5335-final-project/turtlebot4_ws/install/turtlebot4_ignition_toolbox/share/turtlebot4_ignition_toolbox/package.dsv
-- Symlinking: /home/eason-pan/Documents/Gits/5335-final-project/turtlebot4_ws/install/turtlebot4_ignition_toolbox/share/ament_index/resource_index/packages/turtlebot4_ignition_toolbox
-- Symlinking: /home/eason-pan/Documents/Gits/5335-final-project/turtlebot4_ws/install/turtlebot4_ignition_toolbox/share/turtlebot4_ignition_toolbox/cmake/ament_cmake_export_include_directories-extras.cmake
-- Symlinking: /home/eason-pan/Documents/Gits/5335-final-project/turtlebot4_ws/install/turtlebot4_ignition_toolbox/share/turtlebot4_ignition_toolbox/cmake/turtlebot4_ignition_toolboxConfig.cmake
-- Symlinking: /home/eason-pan/Documents/Gits/5335-final-project/turtlebot4_ws/install/turtlebot4_ignition_toolbox/share/turtlebot4_ignition_toolbox/cmake/turtlebot4_ignition_toolboxConfig-version.cmake
-- Symlinking: /home/eason-pan/Documents/Gits/5335-final-project/turtlebot4_ws/install/turtlebot4_ignition_toolbox/share/turtlebot4_ignition_toolbox/package.xml
