[0.006s] Invoking command in '/home/eason-pan/Documents/Gits/5335-final-project/turtlebot4_ws/build/turtlebot4_ignition_bringup': AMENT_PREFIX_PATH=/home/eason-pan/Documents/Gits/5335-final-project/turtlebot4_ws/install/turtlebot4_ignition_toolbox:/home/eason-pan/Documents/Gits/5335-final-project/turtlebot4_ws/install/turtlebot4_ignition_gui_plugins:${AMENT_PREFIX_PATH} CMAKE_PREFIX_PATH=/home/eason-pan/Documents/Gits/5335-final-project/turtlebot4_ws/install/turtlebot4_ignition_toolbox:/home/eason-pan/Documents/Gits/5335-final-project/turtlebot4_ws/install/turtlebot4_ignition_gui_plugins:/opt/ros/humble CONDA_PROMPT_MODIFIER=(base) /usr/bin/cmake --build /home/eason-pan/Documents/Gits/5335-final-project/turtlebot4_ws/build/turtlebot4_ignition_bringup -- -j16 -l16
[0.030s] Invoked command in '/home/eason-pan/Documents/Gits/5335-final-project/turtlebot4_ws/build/turtlebot4_ignition_bringup' returned '0': AMENT_PREFIX_PATH=/home/eason-pan/Documents/Gits/5335-final-project/turtlebot4_ws/install/turtlebot4_ignition_toolbox:/home/eason-pan/Documents/Gits/5335-final-project/turtlebot4_ws/install/turtlebot4_ignition_gui_plugins:${AMENT_PREFIX_PATH} CMAKE_PREFIX_PATH=/home/eason-pan/Documents/Gits/5335-final-project/turtlebot4_ws/install/turtlebot4_ignition_toolbox:/home/eason-pan/Documents/Gits/5335-final-project/turtlebot4_ws/install/turtlebot4_ignition_gui_plugins:/opt/ros/humble CONDA_PROMPT_MODIFIER=(base) /usr/bin/cmake --build /home/eason-pan/Documents/Gits/5335-final-project/turtlebot4_ws/build/turtlebot4_ignition_bringup -- -j16 -l16
[0.031s] Invoking command in '/home/eason-pan/Documents/Gits/5335-final-project/turtlebot4_ws/build/turtlebot4_ignition_bringup': AMENT_PREFIX_PATH=/home/eason-pan/Documents/Gits/5335-final-project/turtlebot4_ws/install/turtlebot4_ignition_toolbox:/home/eason-pan/Documents/Gits/5335-final-project/turtlebot4_ws/install/turtlebot4_ignition_gui_plugins:${AMENT_PREFIX_PATH} CMAKE_PREFIX_PATH=/home/eason-pan/Documents/Gits/5335-final-project/turtlebot4_ws/install/turtlebot4_ignition_toolbox:/home/eason-pan/Documents/Gits/5335-final-project/turtlebot4_ws/install/turtlebot4_ignition_gui_plugins:/opt/ros/humble CONDA_PROMPT_MODIFIER=(base) /usr/bin/cmake --install /home/eason-pan/Documents/Gits/5335-final-project/turtlebot4_ws/build/turtlebot4_ignition_bringup
[0.035s] -- Install configuration: ""
[0.036s] -- Execute custom install script
[0.036s] -- Up-to-date symlink: /home/eason-pan/Documents/Gits/5335-final-project/turtlebot4_ws/install/turtlebot4_ignition_bringup/share/turtlebot4_ignition_bringup/config/turtlebot4_node.yaml
[0.036s] -- Up-to-date symlink: /home/eason-pan/Documents/Gits/5335-final-project/turtlebot4_ws/install/turtlebot4_ignition_bringup/share/turtlebot4_ignition_bringup/gui/lite/gui.config
[0.036s] -- Up-to-date symlink: /home/eason-pan/Documents/Gits/5335-final-project/turtlebot4_ws/install/turtlebot4_ignition_bringup/share/turtlebot4_ignition_bringup/gui/standard/gui.config
[0.036s] -- Up-to-date symlink: /home/eason-pan/Documents/Gits/5335-final-project/turtlebot4_ws/install/turtlebot4_ignition_bringup/share/turtlebot4_ignition_bringup/launch/ignition.launch.py
[0.036s] -- Up-to-date symlink: /home/eason-pan/Documents/Gits/5335-final-project/turtlebot4_ws/install/turtlebot4_ignition_bringup/share/turtlebot4_ignition_bringup/launch/ros_ign_bridge.launch.py
[0.036s] -- Up-to-date symlink: /home/eason-pan/Documents/Gits/5335-final-project/turtlebot4_ws/install/turtlebot4_ignition_bringup/share/turtlebot4_ignition_bringup/launch/turtlebot4_ignition.launch.py
[0.036s] -- Up-to-date symlink: /home/eason-pan/Documents/Gits/5335-final-project/turtlebot4_ws/install/turtlebot4_ignition_bringup/share/turtlebot4_ignition_bringup/launch/turtlebot4_nodes.launch.py
[0.036s] -- Up-to-date symlink: /home/eason-pan/Documents/Gits/5335-final-project/turtlebot4_ws/install/turtlebot4_ignition_bringup/share/turtlebot4_ignition_bringup/launch/turtlebot4_spawn.launch.py
[0.036s] -- Up-to-date symlink: /home/eason-pan/Documents/Gits/5335-final-project/turtlebot4_ws/install/turtlebot4_ignition_bringup/share/turtlebot4_ignition_bringup/worlds/depot.sdf
[0.036s] -- Up-to-date symlink: /home/eason-pan/Documents/Gits/5335-final-project/turtlebot4_ws/install/turtlebot4_ignition_bringup/share/turtlebot4_ignition_bringup/worlds/maze.sdf
[0.037s] -- Up-to-date symlink: /home/eason-pan/Documents/Gits/5335-final-project/turtlebot4_ws/install/turtlebot4_ignition_bringup/share/turtlebot4_ignition_bringup/worlds/warehouse.sdf
[0.037s] -- Up-to-date symlink: /home/eason-pan/Documents/Gits/5335-final-project/turtlebot4_ws/install/turtlebot4_ignition_bringup/share/ament_index/resource_index/package_run_dependencies/turtlebot4_ignition_bringup
[0.037s] -- Up-to-date symlink: /home/eason-pan/Documents/Gits/5335-final-project/turtlebot4_ws/install/turtlebot4_ignition_bringup/share/ament_index/resource_index/parent_prefix_path/turtlebot4_ignition_bringup
[0.037s] -- Up-to-date symlink: /home/eason-pan/Documents/Gits/5335-final-project/turtlebot4_ws/install/turtlebot4_ignition_bringup/share/turtlebot4_ignition_bringup/environment/ament_prefix_path.sh
[0.037s] -- Up-to-date symlink: /home/eason-pan/Documents/Gits/5335-final-project/turtlebot4_ws/install/turtlebot4_ignition_bringup/share/turtlebot4_ignition_bringup/environment/ament_prefix_path.dsv
[0.037s] -- Up-to-date symlink: /home/eason-pan/Documents/Gits/5335-final-project/turtlebot4_ws/install/turtlebot4_ignition_bringup/share/turtlebot4_ignition_bringup/environment/path.sh
[0.037s] -- Up-to-date symlink: /home/eason-pan/Documents/Gits/5335-final-project/turtlebot4_ws/install/turtlebot4_ignition_bringup/share/turtlebot4_ignition_bringup/environment/path.dsv
[0.037s] -- Up-to-date symlink: /home/eason-pan/Documents/Gits/5335-final-project/turtlebot4_ws/install/turtlebot4_ignition_bringup/share/turtlebot4_ignition_bringup/local_setup.bash
[0.037s] -- Up-to-date symlink: /home/eason-pan/Documents/Gits/5335-final-project/turtlebot4_ws/install/turtlebot4_ignition_bringup/share/turtlebot4_ignition_bringup/local_setup.sh
[0.037s] -- Up-to-date symlink: /home/eason-pan/Documents/Gits/5335-final-project/turtlebot4_ws/install/turtlebot4_ignition_bringup/share/turtlebot4_ignition_bringup/local_setup.zsh
[0.037s] -- Up-to-date symlink: /home/eason-pan/Documents/Gits/5335-final-project/turtlebot4_ws/install/turtlebot4_ignition_bringup/share/turtlebot4_ignition_bringup/local_setup.dsv
[0.037s] -- Symlinking: /home/eason-pan/Documents/Gits/5335-final-project/turtlebot4_ws/install/turtlebot4_ignition_bringup/share/turtlebot4_ignition_bringup/package.dsv
[0.042s] -- Up-to-date symlink: /home/eason-pan/Documents/Gits/5335-final-project/turtlebot4_ws/install/turtlebot4_ignition_bringup/share/ament_index/resource_index/packages/turtlebot4_ignition_bringup
[0.042s] -- Up-to-date symlink: /home/eason-pan/Documents/Gits/5335-final-project/turtlebot4_ws/install/turtlebot4_ignition_bringup/share/turtlebot4_ignition_bringup/cmake/turtlebot4_ignition_bringupConfig.cmake
[0.042s] -- Up-to-date symlink: /home/eason-pan/Documents/Gits/5335-final-project/turtlebot4_ws/install/turtlebot4_ignition_bringup/share/turtlebot4_ignition_bringup/cmake/turtlebot4_ignition_bringupConfig-version.cmake
[0.042s] -- Up-to-date symlink: /home/eason-pan/Documents/Gits/5335-final-project/turtlebot4_ws/install/turtlebot4_ignition_bringup/share/turtlebot4_ignition_bringup/package.xml
[0.043s] Invoked command in '/home/eason-pan/Documents/Gits/5335-final-project/turtlebot4_ws/build/turtlebot4_ignition_bringup' returned '0': AMENT_PREFIX_PATH=/home/eason-pan/Documents/Gits/5335-final-project/turtlebot4_ws/install/turtlebot4_ignition_toolbox:/home/eason-pan/Documents/Gits/5335-final-project/turtlebot4_ws/install/turtlebot4_ignition_gui_plugins:${AMENT_PREFIX_PATH} CMAKE_PREFIX_PATH=/home/eason-pan/Documents/Gits/5335-final-project/turtlebot4_ws/install/turtlebot4_ignition_toolbox:/home/eason-pan/Documents/Gits/5335-final-project/turtlebot4_ws/install/turtlebot4_ignition_gui_plugins:/opt/ros/humble CONDA_PROMPT_MODIFIER=(base) /usr/bin/cmake --install /home/eason-pan/Documents/Gits/5335-final-project/turtlebot4_ws/build/turtlebot4_ignition_bringup
